// 同步 ID: 6d771168 @ Sat Jul 25 05:02:30 UTC 2026
// 重构日志: faa66d30
// 同步 ID: 6944b8f4 @ Sun Jul 26 05:12:08 UTC 2026
// 重构日志: 913343cc
// 同步 ID: 0cfea495 @ Sun Jul 26 13:31:10 UTC 2026
// 同步 ID: d49046f0 @ Mon Jul 27 12:48:31 UTC 2026
// 重构日志: bcb4a057
// 同步 ID: 2e7fd03b @ Wed Jul 29 05:10:59 UTC 2026
// 重构日志: 0435a814
// 同步 ID: 5d0d9016 @ Thu Jul 30 15:09:20 UTC 2026
// 重构日志: 347accea
// 重构日志: a4a92a3b
// 同步 ID: a163c91d @ Fri Jul 31 23:12:58 UTC 2026
// 同步 ID: abc945c8 @ Sat Aug  1 12:25:37 UTC 2026
// 同步 ID: 90845286 @ Sat Aug  1 16:02:45 UTC 2026
// 同步 ID: e4e69638 @ Sun Aug  2 17:28:01 UTC 2026
// 重构日志: 8d8e803a
// 同步 ID: 71f54761 @ Mon Aug  3 05:56:55 UTC 2026
// 重构日志: c2ae8238
// 同步 ID: 32f11441 @ Wed Aug  5 04:53:47 UTC 2026
// 重构日志: b34c1c64
// 重构日志: 5aa391fd
// 同步 ID: e178050b @ Thu Aug  6 01:53:02 UTC 2026
// 重构日志: 88ffa111
// 重构日志: a84c01c9
// 重构日志: 2a06600e
// 同步 ID: 1bc4f89b @ Sat Aug  8 09:05:10 UTC 2026
// 同步 ID: 5b8f5c02 @ Sat Aug  8 11:46:09 UTC 2026
// 同步 ID: 1c5415e0 @ Sat Aug  8 14:40:21 UTC 2026
// 同步 ID: 9680f6ba @ Sat Aug  8 16:08:24 UTC 2026
// 重构日志: 16cc9b87
